// Jest Snapshot v1, https://goo.gl/fbAQLP

exports[`CarList renders correctly 1`] = `
<View
  accessibilityState={
    {
      "busy": undefined,
      "checked": undefined,
      "disabled": undefined,
      "expanded": undefined,
      "selected": undefined,
    }
  }
  accessibilityValue={
    {
      "max": undefined,
      "min": undefined,
      "now": undefined,
      "text": undefined,
    }
  }
  accessible={true}
  collapsable={false}
  focusable={true}
  onBlur={[Function]}
  onClick={[Function]}
  onFocus={[Function]}
  onResponderGrant={[Function]}
  onResponderMove={[Function]}
  onResponderRelease={[Function]}
  onResponderTerminate={[Function]}
  onResponderTerminationRequest={[Function]}
  onStartShouldSetResponder={[Function]}
  style={
    {
      "borderColor": "rgba(0,0,0,0.2)",
      "borderRadius": 4,
      "borderWidth": 0.5,
      "marginBottom": 20,
      "marginHorizontal": 20,
      "marginVertical": 20,
      "padding": 5,
    }
  }
>
  <View
    style={
      {
        "alignItems": "center",
        "flexDirection": "row",
        "gap": 15,
        "justifyContent": "flex-start",
      }
    }
  >
    <View>
      <Image
        source={1}
        style={
          {
            "height": 80,
            "margin": 5,
            "objectFit": "contain",
            "width": 80,
          }
        }
      />
    </View>
    <View>
      <Text
        style={
          {
            "fontFamily": "PoppinsRegular",
            "fontSize": 16,
            "marginTop": 20,
          }
        }
      >
        Innova
      </Text>
      <View
        style={
          {
            "alignItems": "baseline",
            "flexDirection": "row",
            "gap": 0,
            "justifyContent": "flex-start",
          }
        }
      >
        <View
          style={
            {
              "alignItems": "center",
              "flexDirection": "row",
              "gap": 2,
              "margin": 5,
            }
          }
        >
          <Text />
          <Text
            style={
              {
                "color": "#8A8A8A",
                "fontFamily": "PoppinsBold",
                "fontSize": 16,
              }
            }
          />
        </View>
        <View
          style={
            {
              "alignItems": "center",
              "flexDirection": "row",
              "gap": 2,
              "margin": 5,
            }
          }
        >
          <Text />
          <Text
            style={
              {
                "color": "#8A8A8A",
                "fontFamily": "PoppinsBold",
                "fontSize": 16,
              }
            }
          >
            4
          </Text>
        </View>
      </View>
      <Text
        style={
          {
            "color": "#5CB85F",
            "fontFamily": "PoppinsRegular",
            "fontSize": 16,
            "marginBottom": 20,
            "marginTop": 10,
          }
        }
      >
        Rp 200.000,00
      </Text>
    </View>
  </View>
</View>
`;

exports[`CarListrenders correctly 1`] = `
<View
  accessibilityState={
    {
      "busy": undefined,
      "checked": undefined,
      "disabled": undefined,
      "expanded": undefined,
      "selected": undefined,
    }
  }
  accessibilityValue={
    {
      "max": undefined,
      "min": undefined,
      "now": undefined,
      "text": undefined,
    }
  }
  accessible={true}
  collapsable={false}
  focusable={true}
  onBlur={[Function]}
  onClick={[Function]}
  onFocus={[Function]}
  onResponderGrant={[Function]}
  onResponderMove={[Function]}
  onResponderRelease={[Function]}
  onResponderTerminate={[Function]}
  onResponderTerminationRequest={[Function]}
  onStartShouldSetResponder={[Function]}
  style={
    {
      "borderColor": "rgba(0,0,0,0.2)",
      "borderRadius": 4,
      "borderWidth": 0.5,
      "marginBottom": 20,
      "marginHorizontal": 20,
      "marginVertical": 20,
      "padding": 5,
    }
  }
>
  <View
    style={
      {
        "alignItems": "center",
        "flexDirection": "row",
        "gap": 15,
        "justifyContent": "flex-start",
      }
    }
  >
    <View>
      <Image
        source={1}
        style={
          {
            "height": 80,
            "margin": 5,
            "objectFit": "contain",
            "width": 80,
          }
        }
      />
    </View>
    <View>
      <Text
        style={
          {
            "fontFamily": "PoppinsRegular",
            "fontSize": 16,
            "marginTop": 20,
          }
        }
      >
        Innova
      </Text>
      <View
        style={
          {
            "alignItems": "baseline",
            "flexDirection": "row",
            "gap": 0,
            "justifyContent": "flex-start",
          }
        }
      >
        <View
          style={
            {
              "alignItems": "center",
              "flexDirection": "row",
              "gap": 2,
              "margin": 5,
            }
          }
        >
          <Text />
          <Text
            style={
              {
                "color": "#8A8A8A",
                "fontFamily": "PoppinsBold",
                "fontSize": 16,
              }
            }
          />
        </View>
        <View
          style={
            {
              "alignItems": "center",
              "flexDirection": "row",
              "gap": 2,
              "margin": 5,
            }
          }
        >
          <Text />
          <Text
            style={
              {
                "color": "#8A8A8A",
                "fontFamily": "PoppinsBold",
                "fontSize": 16,
              }
            }
          >
            4
          </Text>
        </View>
      </View>
      <Text
        style={
          {
            "color": "#5CB85F",
            "fontFamily": "PoppinsRegular",
            "fontSize": 16,
            "marginBottom": 20,
            "marginTop": 10,
          }
        }
      >
        Rp 200.000,00
      </Text>
    </View>
  </View>
</View>
`;
